// Jest Snapshot v1, https://goo.gl/fbAQLP

exports[`Header component renders Header 1`] = `
<header>
  <h1>
    Poegram Updater
  </h1>
</header>
`;
